com\bhagya\practice\controller\BillingController.class
com\bhagya\practice\service\BillingService.class
com\bhagya\practice\controller\FlightController.class
com\bhagya\practice\model\Ticket.class
com\bhagya\practice\repository\FlightRepository.class
com\bhagya\practice\service\FlightService.class
com\bhagya\practice\model\Billing.class
com\bhagya\practice\controller\TicketController.class
com\bhagya\practice\repository\TicketRepository.class
com\bhagya\practice\Exception\InvalidContactNoException.class
com\bhagya\practice\service\PassengerService.class
com\bhagya\practice\Exception\InvalidPaymentMethodException.class
com\bhagya\practice\model\Passenger.class
com\bhagya\practice\repository\PassengerRepository.class
com\bhagya\practice\Exception\InvalidUidException.class
com\bhagya\practice\service\ConnectionService.class
com\bhagya\practice\model\Flight.class
org\example\App.class
com\bhagya\practice\controller\PassengerController.class
com\bhagya\practice\repository\BillingRepository.class
com\bhagya\practice\service\TicketService.class
