F:\demo\java---examples\java---examples\spring-airline-ticket-reservation-system\src\main\java\com\bhagya\practice\controller\BillingController.java
F:\demo\java---examples\java---examples\spring-airline-ticket-reservation-system\src\main\java\com\bhagya\practice\controller\FlightController.java
F:\demo\java---examples\java---examples\spring-airline-ticket-reservation-system\src\main\java\com\bhagya\practice\controller\PassengerController.java
F:\demo\java---examples\java---examples\spring-airline-ticket-reservation-system\src\main\java\com\bhagya\practice\controller\TicketController.java
F:\demo\java---examples\java---examples\spring-airline-ticket-reservation-system\src\main\java\com\bhagya\practice\Exception\InvalidContactNoException.java
F:\demo\java---examples\java---examples\spring-airline-ticket-reservation-system\src\main\java\com\bhagya\practice\Exception\InvalidPaymentMethodException.java
F:\demo\java---examples\java---examples\spring-airline-ticket-reservation-system\src\main\java\com\bhagya\practice\Exception\InvalidUidException.java
F:\demo\java---examples\java---examples\spring-airline-ticket-reservation-system\src\main\java\com\bhagya\practice\model\Billing.java
F:\demo\java---examples\java---examples\spring-airline-ticket-reservation-system\src\main\java\com\bhagya\practice\model\Flight.java
F:\demo\java---examples\java---examples\spring-airline-ticket-reservation-system\src\main\java\com\bhagya\practice\model\Passenger.java
F:\demo\java---examples\java---examples\spring-airline-ticket-reservation-system\src\main\java\com\bhagya\practice\model\Ticket.java
F:\demo\java---examples\java---examples\spring-airline-ticket-reservation-system\src\main\java\com\bhagya\practice\repository\BillingRepository.java
F:\demo\java---examples\java---examples\spring-airline-ticket-reservation-system\src\main\java\com\bhagya\practice\repository\FlightRepository.java
F:\demo\java---examples\java---examples\spring-airline-ticket-reservation-system\src\main\java\com\bhagya\practice\repository\PassengerRepository.java
F:\demo\java---examples\java---examples\spring-airline-ticket-reservation-system\src\main\java\com\bhagya\practice\repository\TicketRepository.java
F:\demo\java---examples\java---examples\spring-airline-ticket-reservation-system\src\main\java\com\bhagya\practice\service\BillingService.java
F:\demo\java---examples\java---examples\spring-airline-ticket-reservation-system\src\main\java\com\bhagya\practice\service\ConnectionService.java
F:\demo\java---examples\java---examples\spring-airline-ticket-reservation-system\src\main\java\com\bhagya\practice\service\FlightService.java
F:\demo\java---examples\java---examples\spring-airline-ticket-reservation-system\src\main\java\com\bhagya\practice\service\PassengerService.java
F:\demo\java---examples\java---examples\spring-airline-ticket-reservation-system\src\main\java\com\bhagya\practice\service\TicketService.java
F:\demo\java---examples\java---examples\spring-airline-ticket-reservation-system\src\main\java\org\example\App.java
